[0.000000] (-) TimerEvent: {}
[0.000159] (tutoria_1_set) JobQueued: {'identifier': 'tutoria_1_set', 'dependencies': OrderedDict()}
[0.000175] (tutoria_1_set) JobStarted: {'identifier': 'tutoria_1_set'}
[0.005599] (tutoria_1_set) JobProgress: {'identifier': 'tutoria_1_set', 'progress': 'cmake'}
[0.006062] (tutoria_1_set) Command: {'cmd': ['/usr/bin/cmake', '/home/host/ros_ws/src/tutoria_1_set', '-DCMAKE_INSTALL_PREFIX=/home/host/ros_ws/src/install/tutoria_1_set'], 'cwd': '/home/host/ros_ws/src/build/tutoria_1_set', 'env': OrderedDict({'GZ_SIM_RESOURCE_PATH': '/opt/ros/jazzy/share', 'GZ_CONFIG_PATH': '/opt/ros/jazzy/opt/gz_sim_vendor/share/gz:/opt/ros/jazzy/opt/sdformat_vendor/share/gz:/opt/ros/jazzy/opt/gz_gui_vendor/share/gz:/opt/ros/jazzy/opt/gz_transport_vendor/share/gz:/opt/ros/jazzy/opt/gz_rendering_vendor/share/gz:/opt/ros/jazzy/opt/gz_plugin_vendor/share/gz:/opt/ros/jazzy/opt/gz_fuel_tools_vendor/share/gz:/opt/ros/jazzy/opt/gz_msgs_vendor/share/gz:/opt/ros/jazzy/opt/gz_common_vendor/share/gz', 'HOSTNAME': 'giovanna-pc', 'SHLVL': '1', 'LD_LIBRARY_PATH': '/opt/ros/jazzy/opt/gz_sim_vendor/lib:/opt/ros/jazzy/opt/gz_sensors_vendor/lib:/opt/ros/jazzy/opt/gz_physics_vendor/lib:/opt/ros/jazzy/opt/sdformat_vendor/lib:/opt/ros/jazzy/opt/rviz_ogre_vendor/lib:/opt/ros/jazzy/lib/x86_64-linux-gnu:/opt/ros/jazzy/opt/gz_gui_vendor/lib:/opt/ros/jazzy/opt/gz_transport_vendor/lib:/opt/ros/jazzy/opt/gz_rendering_vendor/lib:/opt/ros/jazzy/opt/gz_plugin_vendor/lib:/opt/ros/jazzy/opt/gz_fuel_tools_vendor/lib:/opt/ros/jazzy/opt/gz_msgs_vendor/lib:/opt/ros/jazzy/opt/gz_common_vendor/lib:/opt/ros/jazzy/opt/gz_math_vendor/lib:/opt/ros/jazzy/opt/gz_utils_vendor/lib:/opt/ros/jazzy/opt/gz_tools_vendor/lib:/opt/ros/jazzy/opt/gz_ogre_next_vendor/lib:/opt/ros/jazzy/opt/gz_dartsim_vendor/lib:/opt/ros/jazzy/opt/gz_cmake_vendor/lib:/opt/ros/jazzy/lib', 'HOME': '/home/host', 'OLDPWD': '/home/host/ros_ws', 'ROS_PYTHON_VERSION': '3', 'PS1': '(ROS_ID=$ROS_DOMAIN_ID) \\u@\\h:\\w$', 'ROS_DISTRO': 'jazzy', '_': '/usr/bin/colcon', 'ROS_VERSION': '2', 'TERM': 'xterm', 'DEBIAN_FRONEND': 'noninteractive', 'QT_X11_NO_MITSHM': '1', 'PATH': '/opt/ros/jazzy/opt/gz_msgs_vendor/bin:/opt/ros/jazzy/opt/gz_tools_vendor/bin:/opt/ros/jazzy/opt/gz_ogre_next_vendor/bin:/opt/ros/jazzy/bin:/usr/local/sbin:/usr/local/bin:/usr/sbin:/usr/bin:/sbin:/bin', 'DISPLAY': ':0', 'LANG': 'C.UTF-8', 'ROS_DOMAIN_ID': '0', 'AMENT_PREFIX_PATH': '/opt/ros/jazzy', 'ROS_AUTOMATIC_DISCOVERY_RANGE': 'SUBNET', 'PWD': '/home/host/ros_ws/src/build/tutoria_1_set', 'LC_ALL': 'C.UTF-8', 'PYTHONPATH': '/opt/ros/jazzy/lib/python3.12/site-packages', 'COLCON': '1', 'CMAKE_PREFIX_PATH': '/opt/ros/jazzy/opt/gz_sim_vendor:/opt/ros/jazzy/opt/gz_sensors_vendor:/opt/ros/jazzy/opt/gz_physics_vendor:/opt/ros/jazzy/opt/sdformat_vendor:/opt/ros/jazzy/opt/gz_gui_vendor:/opt/ros/jazzy/opt/gz_transport_vendor:/opt/ros/jazzy/opt/gz_rendering_vendor:/opt/ros/jazzy/opt/gz_plugin_vendor:/opt/ros/jazzy/opt/gz_fuel_tools_vendor:/opt/ros/jazzy/opt/gz_msgs_vendor:/opt/ros/jazzy/opt/gz_common_vendor:/opt/ros/jazzy/opt/gz_math_vendor:/opt/ros/jazzy/opt/gz_utils_vendor:/opt/ros/jazzy/opt/gz_tools_vendor:/opt/ros/jazzy/opt/gz_ogre_next_vendor:/opt/ros/jazzy/opt/gz_dartsim_vendor:/opt/ros/jazzy/opt/gz_cmake_vendor:/opt/ros/jazzy'}), 'shell': False}
[0.042197] (tutoria_1_set) StdoutLine: {'line': b'-- The C compiler identification is GNU 13.3.0\n'}
[0.075453] (tutoria_1_set) StdoutLine: {'line': b'-- The CXX compiler identification is GNU 13.3.0\n'}
[0.085694] (tutoria_1_set) StdoutLine: {'line': b'-- Detecting C compiler ABI info\n'}
[0.099805] (-) TimerEvent: {}
[0.197474] (tutoria_1_set) StdoutLine: {'line': b'-- Detecting C compiler ABI info - done\n'}
[0.199920] (-) TimerEvent: {}
[0.205502] (tutoria_1_set) StdoutLine: {'line': b'-- Check for working C compiler: /usr/bin/cc - skipped\n'}
[0.205650] (tutoria_1_set) StdoutLine: {'line': b'-- Detecting C compile features\n'}
[0.205944] (tutoria_1_set) StdoutLine: {'line': b'-- Detecting C compile features - done\n'}
[0.214034] (tutoria_1_set) StdoutLine: {'line': b'-- Detecting CXX compiler ABI info\n'}
[0.300015] (-) TimerEvent: {}
[0.305084] (tutoria_1_set) StdoutLine: {'line': b'-- Detecting CXX compiler ABI info - done\n'}
[0.310348] (tutoria_1_set) StdoutLine: {'line': b'-- Check for working CXX compiler: /usr/bin/c++ - skipped\n'}
[0.310501] (tutoria_1_set) StdoutLine: {'line': b'-- Detecting CXX compile features\n'}
[0.310719] (tutoria_1_set) StdoutLine: {'line': b'-- Detecting CXX compile features - done\n'}
[0.313226] (tutoria_1_set) StdoutLine: {'line': b'-- Found ament_cmake: 2.5.6 (/opt/ros/jazzy/share/ament_cmake/cmake)\n'}
[0.400092] (-) TimerEvent: {}
[0.404303] (tutoria_1_set) StdoutLine: {'line': b'-- Found Python3: /usr/bin/python3 (found version "3.12.3") found components: Interpreter \n'}
[0.477796] (tutoria_1_set) StdoutLine: {'line': b'-- Found rclcpp: 28.1.21 (/opt/ros/jazzy/share/rclcpp/cmake)\n'}
[0.500210] (-) TimerEvent: {}
[0.510513] (tutoria_1_set) StdoutLine: {'line': b'-- Found rosidl_generator_c: 4.6.9 (/opt/ros/jazzy/share/rosidl_generator_c/cmake)\n'}
[0.520336] (tutoria_1_set) StdoutLine: {'line': b'-- Found rosidl_generator_cpp: 4.6.9 (/opt/ros/jazzy/share/rosidl_generator_cpp/cmake)\n'}
[0.531338] (tutoria_1_set) StdoutLine: {'line': b'-- Using all available rosidl_typesupport_c: rosidl_typesupport_fastrtps_c;rosidl_typesupport_introspection_c\n'}
[0.543911] (tutoria_1_set) StdoutLine: {'line': b'-- Using all available rosidl_typesupport_cpp: rosidl_typesupport_fastrtps_cpp;rosidl_typesupport_introspection_cpp\n'}
[0.597589] (tutoria_1_set) StdoutLine: {'line': b'-- Found rmw_implementation_cmake: 7.3.3 (/opt/ros/jazzy/share/rmw_implementation_cmake/cmake)\n'}
[0.599958] (tutoria_1_set) StdoutLine: {'line': b'-- Found rmw_fastrtps_cpp: 8.4.4 (/opt/ros/jazzy/share/rmw_fastrtps_cpp/cmake)\n'}
[0.600263] (-) TimerEvent: {}
[0.675473] (tutoria_1_set) StdoutLine: {'line': b'-- Found OpenSSL: /usr/lib/x86_64-linux-gnu/libcrypto.so (found version "3.0.13")  \n'}
[0.697099] (tutoria_1_set) StdoutLine: {'line': b'-- Found FastRTPS: /opt/ros/jazzy/include (Required is at least version "2.13") \n'}
[0.700356] (-) TimerEvent: {}
[0.712914] (tutoria_1_set) StdoutLine: {'line': b"-- Using RMW implementation 'rmw_fastrtps_cpp' as default\n"}
[0.762265] (tutoria_1_set) StdoutLine: {'line': b'-- Found std_msgs: 5.3.8 (/opt/ros/jazzy/share/std_msgs/cmake)\n'}
[0.771531] (tutoria_1_set) StdoutLine: {'line': b'-- Found ament_lint_auto: 0.17.5 (/opt/ros/jazzy/share/ament_lint_auto/cmake)\n'}
[0.800436] (-) TimerEvent: {}
[0.837093] (tutoria_1_set) StdoutLine: {'line': b"-- Added test 'cppcheck' to perform static code analysis on C / C++ code\n"}
[0.837219] (tutoria_1_set) StdoutLine: {'line': b'-- Configured cppcheck include dirs: \n'}
[0.837257] (tutoria_1_set) StdoutLine: {'line': b'-- Configured cppcheck exclude dirs and/or files: \n'}
[0.837757] (tutoria_1_set) StdoutLine: {'line': b"-- Added test 'lint_cmake' to check CMake code style\n"}
[0.838320] (tutoria_1_set) StdoutLine: {'line': b"-- Added test 'uncrustify' to check C / C++ code style\n"}
[0.838355] (tutoria_1_set) StdoutLine: {'line': b'-- Configured uncrustify additional arguments: \n'}
[0.838573] (tutoria_1_set) StdoutLine: {'line': b"-- Added test 'xmllint' to check XML markup files\n"}
[0.839427] (tutoria_1_set) StdoutLine: {'line': b'-- Configuring done (0.8s)\n'}
[0.844864] (tutoria_1_set) StdoutLine: {'line': b'-- Generating done (0.0s)\n'}
[0.846715] (tutoria_1_set) StdoutLine: {'line': b'-- Build files have been written to: /home/host/ros_ws/src/build/tutoria_1_set\n'}
[0.852353] (tutoria_1_set) CommandEnded: {'returncode': 0}
[0.852658] (tutoria_1_set) JobProgress: {'identifier': 'tutoria_1_set', 'progress': 'build'}
[0.853243] (tutoria_1_set) Command: {'cmd': ['/usr/bin/cmake', '--build', '/home/host/ros_ws/src/build/tutoria_1_set', '--', '-j16', '-l16'], 'cwd': '/home/host/ros_ws/src/build/tutoria_1_set', 'env': OrderedDict({'GZ_SIM_RESOURCE_PATH': '/opt/ros/jazzy/share', 'GZ_CONFIG_PATH': '/opt/ros/jazzy/opt/gz_sim_vendor/share/gz:/opt/ros/jazzy/opt/sdformat_vendor/share/gz:/opt/ros/jazzy/opt/gz_gui_vendor/share/gz:/opt/ros/jazzy/opt/gz_transport_vendor/share/gz:/opt/ros/jazzy/opt/gz_rendering_vendor/share/gz:/opt/ros/jazzy/opt/gz_plugin_vendor/share/gz:/opt/ros/jazzy/opt/gz_fuel_tools_vendor/share/gz:/opt/ros/jazzy/opt/gz_msgs_vendor/share/gz:/opt/ros/jazzy/opt/gz_common_vendor/share/gz', 'HOSTNAME': 'giovanna-pc', 'SHLVL': '1', 'LD_LIBRARY_PATH': '/opt/ros/jazzy/opt/gz_sim_vendor/lib:/opt/ros/jazzy/opt/gz_sensors_vendor/lib:/opt/ros/jazzy/opt/gz_physics_vendor/lib:/opt/ros/jazzy/opt/sdformat_vendor/lib:/opt/ros/jazzy/opt/rviz_ogre_vendor/lib:/opt/ros/jazzy/lib/x86_64-linux-gnu:/opt/ros/jazzy/opt/gz_gui_vendor/lib:/opt/ros/jazzy/opt/gz_transport_vendor/lib:/opt/ros/jazzy/opt/gz_rendering_vendor/lib:/opt/ros/jazzy/opt/gz_plugin_vendor/lib:/opt/ros/jazzy/opt/gz_fuel_tools_vendor/lib:/opt/ros/jazzy/opt/gz_msgs_vendor/lib:/opt/ros/jazzy/opt/gz_common_vendor/lib:/opt/ros/jazzy/opt/gz_math_vendor/lib:/opt/ros/jazzy/opt/gz_utils_vendor/lib:/opt/ros/jazzy/opt/gz_tools_vendor/lib:/opt/ros/jazzy/opt/gz_ogre_next_vendor/lib:/opt/ros/jazzy/opt/gz_dartsim_vendor/lib:/opt/ros/jazzy/opt/gz_cmake_vendor/lib:/opt/ros/jazzy/lib', 'HOME': '/home/host', 'OLDPWD': '/home/host/ros_ws', 'ROS_PYTHON_VERSION': '3', 'PS1': '(ROS_ID=$ROS_DOMAIN_ID) \\u@\\h:\\w$', 'ROS_DISTRO': 'jazzy', '_': '/usr/bin/colcon', 'ROS_VERSION': '2', 'TERM': 'xterm', 'DEBIAN_FRONEND': 'noninteractive', 'QT_X11_NO_MITSHM': '1', 'PATH': '/opt/ros/jazzy/opt/gz_msgs_vendor/bin:/opt/ros/jazzy/opt/gz_tools_vendor/bin:/opt/ros/jazzy/opt/gz_ogre_next_vendor/bin:/opt/ros/jazzy/bin:/usr/local/sbin:/usr/local/bin:/usr/sbin:/usr/bin:/sbin:/bin', 'DISPLAY': ':0', 'LANG': 'C.UTF-8', 'ROS_DOMAIN_ID': '0', 'AMENT_PREFIX_PATH': '/opt/ros/jazzy', 'ROS_AUTOMATIC_DISCOVERY_RANGE': 'SUBNET', 'PWD': '/home/host/ros_ws/src/build/tutoria_1_set', 'LC_ALL': 'C.UTF-8', 'PYTHONPATH': '/opt/ros/jazzy/lib/python3.12/site-packages', 'COLCON': '1', 'CMAKE_PREFIX_PATH': '/opt/ros/jazzy/opt/gz_sim_vendor:/opt/ros/jazzy/opt/gz_sensors_vendor:/opt/ros/jazzy/opt/gz_physics_vendor:/opt/ros/jazzy/opt/sdformat_vendor:/opt/ros/jazzy/opt/gz_gui_vendor:/opt/ros/jazzy/opt/gz_transport_vendor:/opt/ros/jazzy/opt/gz_rendering_vendor:/opt/ros/jazzy/opt/gz_plugin_vendor:/opt/ros/jazzy/opt/gz_fuel_tools_vendor:/opt/ros/jazzy/opt/gz_msgs_vendor:/opt/ros/jazzy/opt/gz_common_vendor:/opt/ros/jazzy/opt/gz_math_vendor:/opt/ros/jazzy/opt/gz_utils_vendor:/opt/ros/jazzy/opt/gz_tools_vendor:/opt/ros/jazzy/opt/gz_ogre_next_vendor:/opt/ros/jazzy/opt/gz_dartsim_vendor:/opt/ros/jazzy/opt/gz_cmake_vendor:/opt/ros/jazzy'}), 'shell': False}
[0.884788] (tutoria_1_set) StdoutLine: {'line': b'[ 50%] \x1b[32mBuilding CXX object CMakeFiles/node_1.dir/src/node_1.cpp.o\x1b[0m\n'}
[0.900524] (-) TimerEvent: {}
[1.000726] (-) TimerEvent: {}
[1.100941] (-) TimerEvent: {}
[1.201126] (-) TimerEvent: {}
[1.301313] (-) TimerEvent: {}
[1.401497] (-) TimerEvent: {}
[1.501687] (-) TimerEvent: {}
[1.601915] (-) TimerEvent: {}
[1.702144] (-) TimerEvent: {}
[1.802435] (-) TimerEvent: {}
[1.902737] (-) TimerEvent: {}
[2.002960] (-) TimerEvent: {}
[2.103182] (-) TimerEvent: {}
[2.203385] (-) TimerEvent: {}
[2.300945] (tutoria_1_set) StdoutLine: {'line': b'[100%] \x1b[32m\x1b[1mLinking CXX executable node_1\x1b[0m\n'}
[2.303440] (-) TimerEvent: {}
[2.403577] (-) TimerEvent: {}
[2.425480] (tutoria_1_set) StdoutLine: {'line': b'[100%] Built target node_1\n'}
[2.434095] (tutoria_1_set) CommandEnded: {'returncode': 0}
[2.434374] (tutoria_1_set) JobProgress: {'identifier': 'tutoria_1_set', 'progress': 'install'}
[2.440530] (tutoria_1_set) Command: {'cmd': ['/usr/bin/cmake', '--install', '/home/host/ros_ws/src/build/tutoria_1_set'], 'cwd': '/home/host/ros_ws/src/build/tutoria_1_set', 'env': OrderedDict({'GZ_SIM_RESOURCE_PATH': '/opt/ros/jazzy/share', 'GZ_CONFIG_PATH': '/opt/ros/jazzy/opt/gz_sim_vendor/share/gz:/opt/ros/jazzy/opt/sdformat_vendor/share/gz:/opt/ros/jazzy/opt/gz_gui_vendor/share/gz:/opt/ros/jazzy/opt/gz_transport_vendor/share/gz:/opt/ros/jazzy/opt/gz_rendering_vendor/share/gz:/opt/ros/jazzy/opt/gz_plugin_vendor/share/gz:/opt/ros/jazzy/opt/gz_fuel_tools_vendor/share/gz:/opt/ros/jazzy/opt/gz_msgs_vendor/share/gz:/opt/ros/jazzy/opt/gz_common_vendor/share/gz', 'HOSTNAME': 'giovanna-pc', 'SHLVL': '1', 'LD_LIBRARY_PATH': '/opt/ros/jazzy/opt/gz_sim_vendor/lib:/opt/ros/jazzy/opt/gz_sensors_vendor/lib:/opt/ros/jazzy/opt/gz_physics_vendor/lib:/opt/ros/jazzy/opt/sdformat_vendor/lib:/opt/ros/jazzy/opt/rviz_ogre_vendor/lib:/opt/ros/jazzy/lib/x86_64-linux-gnu:/opt/ros/jazzy/opt/gz_gui_vendor/lib:/opt/ros/jazzy/opt/gz_transport_vendor/lib:/opt/ros/jazzy/opt/gz_rendering_vendor/lib:/opt/ros/jazzy/opt/gz_plugin_vendor/lib:/opt/ros/jazzy/opt/gz_fuel_tools_vendor/lib:/opt/ros/jazzy/opt/gz_msgs_vendor/lib:/opt/ros/jazzy/opt/gz_common_vendor/lib:/opt/ros/jazzy/opt/gz_math_vendor/lib:/opt/ros/jazzy/opt/gz_utils_vendor/lib:/opt/ros/jazzy/opt/gz_tools_vendor/lib:/opt/ros/jazzy/opt/gz_ogre_next_vendor/lib:/opt/ros/jazzy/opt/gz_dartsim_vendor/lib:/opt/ros/jazzy/opt/gz_cmake_vendor/lib:/opt/ros/jazzy/lib', 'HOME': '/home/host', 'OLDPWD': '/home/host/ros_ws', 'ROS_PYTHON_VERSION': '3', 'PS1': '(ROS_ID=$ROS_DOMAIN_ID) \\u@\\h:\\w$', 'ROS_DISTRO': 'jazzy', '_': '/usr/bin/colcon', 'ROS_VERSION': '2', 'TERM': 'xterm', 'DEBIAN_FRONEND': 'noninteractive', 'QT_X11_NO_MITSHM': '1', 'PATH': '/opt/ros/jazzy/opt/gz_msgs_vendor/bin:/opt/ros/jazzy/opt/gz_tools_vendor/bin:/opt/ros/jazzy/opt/gz_ogre_next_vendor/bin:/opt/ros/jazzy/bin:/usr/local/sbin:/usr/local/bin:/usr/sbin:/usr/bin:/sbin:/bin', 'DISPLAY': ':0', 'LANG': 'C.UTF-8', 'ROS_DOMAIN_ID': '0', 'AMENT_PREFIX_PATH': '/opt/ros/jazzy', 'ROS_AUTOMATIC_DISCOVERY_RANGE': 'SUBNET', 'PWD': '/home/host/ros_ws/src/build/tutoria_1_set', 'LC_ALL': 'C.UTF-8', 'PYTHONPATH': '/opt/ros/jazzy/lib/python3.12/site-packages', 'COLCON': '1', 'CMAKE_PREFIX_PATH': '/opt/ros/jazzy/opt/gz_sim_vendor:/opt/ros/jazzy/opt/gz_sensors_vendor:/opt/ros/jazzy/opt/gz_physics_vendor:/opt/ros/jazzy/opt/sdformat_vendor:/opt/ros/jazzy/opt/gz_gui_vendor:/opt/ros/jazzy/opt/gz_transport_vendor:/opt/ros/jazzy/opt/gz_rendering_vendor:/opt/ros/jazzy/opt/gz_plugin_vendor:/opt/ros/jazzy/opt/gz_fuel_tools_vendor:/opt/ros/jazzy/opt/gz_msgs_vendor:/opt/ros/jazzy/opt/gz_common_vendor:/opt/ros/jazzy/opt/gz_math_vendor:/opt/ros/jazzy/opt/gz_utils_vendor:/opt/ros/jazzy/opt/gz_tools_vendor:/opt/ros/jazzy/opt/gz_ogre_next_vendor:/opt/ros/jazzy/opt/gz_dartsim_vendor:/opt/ros/jazzy/opt/gz_cmake_vendor:/opt/ros/jazzy'}), 'shell': False}
[2.448717] (tutoria_1_set) StdoutLine: {'line': b'-- Install configuration: ""\n'}
[2.449108] (tutoria_1_set) StdoutLine: {'line': b'-- Installing: /home/host/ros_ws/src/install/tutoria_1_set/lib/tutoria_1_set/node_1\n'}
[2.449338] (tutoria_1_set) StdoutLine: {'line': b'-- Set non-toolchain portion of runtime path of "/home/host/ros_ws/src/install/tutoria_1_set/lib/tutoria_1_set/node_1" to ""\n'}
[2.449595] (tutoria_1_set) StdoutLine: {'line': b'-- Installing: /home/host/ros_ws/src/install/tutoria_1_set/share/ament_index/resource_index/package_run_dependencies/tutoria_1_set\n'}
[2.449726] (tutoria_1_set) StdoutLine: {'line': b'-- Installing: /home/host/ros_ws/src/install/tutoria_1_set/share/ament_index/resource_index/parent_prefix_path/tutoria_1_set\n'}
[2.449856] (tutoria_1_set) StdoutLine: {'line': b'-- Installing: /home/host/ros_ws/src/install/tutoria_1_set/share/tutoria_1_set/environment/ament_prefix_path.sh\n'}
[2.449969] (tutoria_1_set) StdoutLine: {'line': b'-- Installing: /home/host/ros_ws/src/install/tutoria_1_set/share/tutoria_1_set/environment/ament_prefix_path.dsv\n'}
[2.450084] (tutoria_1_set) StdoutLine: {'line': b'-- Installing: /home/host/ros_ws/src/install/tutoria_1_set/share/tutoria_1_set/environment/path.sh\n'}
[2.450168] (tutoria_1_set) StdoutLine: {'line': b'-- Installing: /home/host/ros_ws/src/install/tutoria_1_set/share/tutoria_1_set/environment/path.dsv\n'}
[2.450267] (tutoria_1_set) StdoutLine: {'line': b'-- Installing: /home/host/ros_ws/src/install/tutoria_1_set/share/tutoria_1_set/local_setup.bash\n'}
[2.450381] (tutoria_1_set) StdoutLine: {'line': b'-- Installing: /home/host/ros_ws/src/install/tutoria_1_set/share/tutoria_1_set/local_setup.sh\n'}
[2.450483] (tutoria_1_set) StdoutLine: {'line': b'-- Installing: /home/host/ros_ws/src/install/tutoria_1_set/share/tutoria_1_set/local_setup.zsh\n'}
[2.450598] (tutoria_1_set) StdoutLine: {'line': b'-- Installing: /home/host/ros_ws/src/install/tutoria_1_set/share/tutoria_1_set/local_setup.dsv\n'}
[2.450700] (tutoria_1_set) StdoutLine: {'line': b'-- Installing: /home/host/ros_ws/src/install/tutoria_1_set/share/tutoria_1_set/package.dsv\n'}
[2.450792] (tutoria_1_set) StdoutLine: {'line': b'-- Installing: /home/host/ros_ws/src/install/tutoria_1_set/share/ament_index/resource_index/packages/tutoria_1_set\n'}
[2.450864] (tutoria_1_set) StdoutLine: {'line': b'-- Installing: /home/host/ros_ws/src/install/tutoria_1_set/share/tutoria_1_set/cmake/tutoria_1_setConfig.cmake\n'}
[2.450898] (tutoria_1_set) StdoutLine: {'line': b'-- Installing: /home/host/ros_ws/src/install/tutoria_1_set/share/tutoria_1_set/cmake/tutoria_1_setConfig-version.cmake\n'}
[2.450939] (tutoria_1_set) StdoutLine: {'line': b'-- Installing: /home/host/ros_ws/src/install/tutoria_1_set/share/tutoria_1_set/package.xml\n'}
[2.452389] (tutoria_1_set) CommandEnded: {'returncode': 0}
[2.462701] (tutoria_1_set) JobEnded: {'identifier': 'tutoria_1_set', 'rc': 0}
[2.463020] (-) EventReactorShutdown: {}
