[ 50%] [32mBuilding CXX object CMakeFiles/node_1.dir/src/node_1.cpp.o[0m
[100%] [32m[1mLinking CXX executable node_1[0m
[100%] Built target node_1
-- Install configuration: ""
-- Installing: /home/host/ros_ws/src/install/tutoria_1_set/lib/tutoria_1_set/node_1
-- Set non-toolchain portion of runtime path of "/home/host/ros_ws/src/install/tutoria_1_set/lib/tutoria_1_set/node_1" to ""
-- Up-to-date: /home/host/ros_ws/src/install/tutoria_1_set/share/ament_index/resource_index/package_run_dependencies/tutoria_1_set
-- Up-to-date: /home/host/ros_ws/src/install/tutoria_1_set/share/ament_index/resource_index/parent_prefix_path/tutoria_1_set
-- Up-to-date: /home/host/ros_ws/src/install/tutoria_1_set/share/tutoria_1_set/environment/ament_prefix_path.sh
-- Up-to-date: /home/host/ros_ws/src/install/tutoria_1_set/share/tutoria_1_set/environment/ament_prefix_path.dsv
-- Up-to-date: /home/host/ros_ws/src/install/tutoria_1_set/share/tutoria_1_set/environment/path.sh
-- Up-to-date: /home/host/ros_ws/src/install/tutoria_1_set/share/tutoria_1_set/environment/path.dsv
-- Up-to-date: /home/host/ros_ws/src/install/tutoria_1_set/share/tutoria_1_set/local_setup.bash
-- Up-to-date: /home/host/ros_ws/src/install/tutoria_1_set/share/tutoria_1_set/local_setup.sh
-- Up-to-date: /home/host/ros_ws/src/install/tutoria_1_set/share/tutoria_1_set/local_setup.zsh
-- Up-to-date: /home/host/ros_ws/src/install/tutoria_1_set/share/tutoria_1_set/local_setup.dsv
-- Installing: /home/host/ros_ws/src/install/tutoria_1_set/share/tutoria_1_set/package.dsv
-- Up-to-date: /home/host/ros_ws/src/install/tutoria_1_set/share/ament_index/resource_index/packages/tutoria_1_set
-- Up-to-date: /home/host/ros_ws/src/install/tutoria_1_set/share/tutoria_1_set/cmake/tutoria_1_setConfig.cmake
-- Up-to-date: /home/host/ros_ws/src/install/tutoria_1_set/share/tutoria_1_set/cmake/tutoria_1_setConfig-version.cmake
-- Up-to-date: /home/host/ros_ws/src/install/tutoria_1_set/share/tutoria_1_set/package.xml
