[0.007s] Invoking command in '/home/host/ros_ws/src/build/tutoria_1_set': CMAKE_PREFIX_PATH=${CMAKE_PREFIX_PATH}:/opt/ros/jazzy PS1=(ROS_ID=$ROS_DOMAIN_ID) \u@\h:\w$ /usr/bin/cmake --build /home/host/ros_ws/src/build/tutoria_1_set -- -j16 -l16
[0.069s] [ 50%] [32mBuilding CXX object CMakeFiles/node_1.dir/src/node_1.cpp.o[0m
[2.308s] [100%] [32m[1mLinking CXX executable node_1[0m
[2.418s] [100%] Built target node_1
[2.427s] Invoked command in '/home/host/ros_ws/src/build/tutoria_1_set' returned '0': CMAKE_PREFIX_PATH=${CMAKE_PREFIX_PATH}:/opt/ros/jazzy PS1=(ROS_ID=$ROS_DOMAIN_ID) \u@\h:\w$ /usr/bin/cmake --build /home/host/ros_ws/src/build/tutoria_1_set -- -j16 -l16
[2.434s] Invoking command in '/home/host/ros_ws/src/build/tutoria_1_set': CMAKE_PREFIX_PATH=${CMAKE_PREFIX_PATH}:/opt/ros/jazzy PS1=(ROS_ID=$ROS_DOMAIN_ID) \u@\h:\w$ /usr/bin/cmake --install /home/host/ros_ws/src/build/tutoria_1_set
[2.443s] -- Install configuration: ""
[2.443s] -- Installing: /home/host/ros_ws/src/install/tutoria_1_set/lib/tutoria_1_set/node_1
[2.443s] -- Set non-toolchain portion of runtime path of "/home/host/ros_ws/src/install/tutoria_1_set/lib/tutoria_1_set/node_1" to ""
[2.444s] -- Up-to-date: /home/host/ros_ws/src/install/tutoria_1_set/share/ament_index/resource_index/package_run_dependencies/tutoria_1_set
[2.444s] -- Up-to-date: /home/host/ros_ws/src/install/tutoria_1_set/share/ament_index/resource_index/parent_prefix_path/tutoria_1_set
[2.444s] -- Up-to-date: /home/host/ros_ws/src/install/tutoria_1_set/share/tutoria_1_set/environment/ament_prefix_path.sh
[2.444s] -- Up-to-date: /home/host/ros_ws/src/install/tutoria_1_set/share/tutoria_1_set/environment/ament_prefix_path.dsv
[2.444s] -- Up-to-date: /home/host/ros_ws/src/install/tutoria_1_set/share/tutoria_1_set/environment/path.sh
[2.444s] -- Up-to-date: /home/host/ros_ws/src/install/tutoria_1_set/share/tutoria_1_set/environment/path.dsv
[2.444s] -- Up-to-date: /home/host/ros_ws/src/install/tutoria_1_set/share/tutoria_1_set/local_setup.bash
[2.445s] -- Up-to-date: /home/host/ros_ws/src/install/tutoria_1_set/share/tutoria_1_set/local_setup.sh
[2.445s] -- Up-to-date: /home/host/ros_ws/src/install/tutoria_1_set/share/tutoria_1_set/local_setup.zsh
[2.446s] -- Up-to-date: /home/host/ros_ws/src/install/tutoria_1_set/share/tutoria_1_set/local_setup.dsv
[2.446s] -- Installing: /home/host/ros_ws/src/install/tutoria_1_set/share/tutoria_1_set/package.dsv
[2.446s] -- Up-to-date: /home/host/ros_ws/src/install/tutoria_1_set/share/ament_index/resource_index/packages/tutoria_1_set
[2.446s] -- Up-to-date: /home/host/ros_ws/src/install/tutoria_1_set/share/tutoria_1_set/cmake/tutoria_1_setConfig.cmake
[2.447s] -- Up-to-date: /home/host/ros_ws/src/install/tutoria_1_set/share/tutoria_1_set/cmake/tutoria_1_setConfig-version.cmake
[2.447s] -- Up-to-date: /home/host/ros_ws/src/install/tutoria_1_set/share/tutoria_1_set/package.xml
[2.447s] Invoked command in '/home/host/ros_ws/src/build/tutoria_1_set' returned '0': CMAKE_PREFIX_PATH=${CMAKE_PREFIX_PATH}:/opt/ros/jazzy PS1=(ROS_ID=$ROS_DOMAIN_ID) \u@\h:\w$ /usr/bin/cmake --install /home/host/ros_ws/src/build/tutoria_1_set
