[0.000000] (-) TimerEvent: {}
[0.000182] (tutoria_1_set) JobQueued: {'identifier': 'tutoria_1_set', 'dependencies': OrderedDict()}
[0.000429] (tutoria_1_set) JobStarted: {'identifier': 'tutoria_1_set'}
[0.005798] (tutoria_1_set) JobProgress: {'identifier': 'tutoria_1_set', 'progress': 'cmake'}
[0.006087] (tutoria_1_set) JobProgress: {'identifier': 'tutoria_1_set', 'progress': 'build'}
[0.006431] (tutoria_1_set) Command: {'cmd': ['/usr/bin/cmake', '--build', '/home/host/ros_ws/src/build/tutoria_1_set', '--', '-j16', '-l16'], 'cwd': '/home/host/ros_ws/src/build/tutoria_1_set', 'env': OrderedDict({'GZ_SIM_RESOURCE_PATH': '/opt/ros/jazzy/share', 'GZ_CONFIG_PATH': '/opt/ros/jazzy/opt/gz_sim_vendor/share/gz:/opt/ros/jazzy/opt/sdformat_vendor/share/gz:/opt/ros/jazzy/opt/gz_gui_vendor/share/gz:/opt/ros/jazzy/opt/gz_transport_vendor/share/gz:/opt/ros/jazzy/opt/gz_rendering_vendor/share/gz:/opt/ros/jazzy/opt/gz_plugin_vendor/share/gz:/opt/ros/jazzy/opt/gz_fuel_tools_vendor/share/gz:/opt/ros/jazzy/opt/gz_msgs_vendor/share/gz:/opt/ros/jazzy/opt/gz_common_vendor/share/gz', 'HOSTNAME': 'giovanna-pc', 'SHLVL': '1', 'LD_LIBRARY_PATH': '/opt/ros/jazzy/opt/gz_sim_vendor/lib:/opt/ros/jazzy/opt/gz_sensors_vendor/lib:/opt/ros/jazzy/opt/gz_physics_vendor/lib:/opt/ros/jazzy/opt/sdformat_vendor/lib:/opt/ros/jazzy/opt/rviz_ogre_vendor/lib:/opt/ros/jazzy/lib/x86_64-linux-gnu:/opt/ros/jazzy/opt/gz_gui_vendor/lib:/opt/ros/jazzy/opt/gz_transport_vendor/lib:/opt/ros/jazzy/opt/gz_rendering_vendor/lib:/opt/ros/jazzy/opt/gz_plugin_vendor/lib:/opt/ros/jazzy/opt/gz_fuel_tools_vendor/lib:/opt/ros/jazzy/opt/gz_msgs_vendor/lib:/opt/ros/jazzy/opt/gz_common_vendor/lib:/opt/ros/jazzy/opt/gz_math_vendor/lib:/opt/ros/jazzy/opt/gz_utils_vendor/lib:/opt/ros/jazzy/opt/gz_tools_vendor/lib:/opt/ros/jazzy/opt/gz_ogre_next_vendor/lib:/opt/ros/jazzy/opt/gz_dartsim_vendor/lib:/opt/ros/jazzy/opt/gz_cmake_vendor/lib:/opt/ros/jazzy/lib', 'HOME': '/home/host', 'OLDPWD': '/home/host/ros_ws', 'ROS_PYTHON_VERSION': '3', 'PS1': '(ROS_ID=$ROS_DOMAIN_ID) \\u@\\h:\\w$', 'COLCON_PREFIX_PATH': '/home/host/ros_ws/src/install', 'ROS_DISTRO': 'jazzy', '_': '/usr/bin/colcon', 'ROS_VERSION': '2', 'TERM': 'xterm', 'DEBIAN_FRONEND': 'noninteractive', 'QT_X11_NO_MITSHM': '1', 'PATH': '/opt/ros/jazzy/opt/gz_msgs_vendor/bin:/opt/ros/jazzy/opt/gz_tools_vendor/bin:/opt/ros/jazzy/opt/gz_ogre_next_vendor/bin:/opt/ros/jazzy/bin:/usr/local/sbin:/usr/local/bin:/usr/sbin:/usr/bin:/sbin:/bin', 'DISPLAY': ':0', 'LANG': 'C.UTF-8', 'ROS_DOMAIN_ID': '0', 'AMENT_PREFIX_PATH': '/home/host/ros_ws/src/install/tutoria_1_set:/opt/ros/jazzy', 'ROS_AUTOMATIC_DISCOVERY_RANGE': 'SUBNET', 'PWD': '/home/host/ros_ws/src/build/tutoria_1_set', 'LC_ALL': 'C.UTF-8', 'PYTHONPATH': '/opt/ros/jazzy/lib/python3.12/site-packages', 'COLCON': '1', 'CMAKE_PREFIX_PATH': '/home/host/ros_ws/src/install/tutoria_1_set:/opt/ros/jazzy/opt/gz_sim_vendor:/opt/ros/jazzy/opt/gz_sensors_vendor:/opt/ros/jazzy/opt/gz_physics_vendor:/opt/ros/jazzy/opt/sdformat_vendor:/opt/ros/jazzy/opt/gz_gui_vendor:/opt/ros/jazzy/opt/gz_transport_vendor:/opt/ros/jazzy/opt/gz_rendering_vendor:/opt/ros/jazzy/opt/gz_plugin_vendor:/opt/ros/jazzy/opt/gz_fuel_tools_vendor:/opt/ros/jazzy/opt/gz_msgs_vendor:/opt/ros/jazzy/opt/gz_common_vendor:/opt/ros/jazzy/opt/gz_math_vendor:/opt/ros/jazzy/opt/gz_utils_vendor:/opt/ros/jazzy/opt/gz_tools_vendor:/opt/ros/jazzy/opt/gz_ogre_next_vendor:/opt/ros/jazzy/opt/gz_dartsim_vendor:/opt/ros/jazzy/opt/gz_cmake_vendor:/opt/ros/jazzy'}), 'shell': False}
[0.069185] (tutoria_1_set) StdoutLine: {'line': b'[ 50%] \x1b[32mBuilding CXX object CMakeFiles/node_1.dir/src/node_1.cpp.o\x1b[0m\n'}
[0.099970] (-) TimerEvent: {}
[0.200204] (-) TimerEvent: {}
[0.300451] (-) TimerEvent: {}
[0.400722] (-) TimerEvent: {}
[0.501059] (-) TimerEvent: {}
[0.601303] (-) TimerEvent: {}
[0.701577] (-) TimerEvent: {}
[0.801807] (-) TimerEvent: {}
[0.902036] (-) TimerEvent: {}
[1.002281] (-) TimerEvent: {}
[1.102553] (-) TimerEvent: {}
[1.202820] (-) TimerEvent: {}
[1.303186] (-) TimerEvent: {}
[1.403560] (-) TimerEvent: {}
[1.503916] (-) TimerEvent: {}
[1.604317] (-) TimerEvent: {}
[1.704637] (-) TimerEvent: {}
[1.804870] (-) TimerEvent: {}
[1.905104] (-) TimerEvent: {}
[2.005397] (-) TimerEvent: {}
[2.105661] (-) TimerEvent: {}
[2.205927] (-) TimerEvent: {}
[2.306168] (-) TimerEvent: {}
[2.307862] (tutoria_1_set) StdoutLine: {'line': b'[100%] \x1b[32m\x1b[1mLinking CXX executable node_1\x1b[0m\n'}
[2.406262] (-) TimerEvent: {}
[2.417889] (tutoria_1_set) StdoutLine: {'line': b'[100%] Built target node_1\n'}
[2.427169] (tutoria_1_set) CommandEnded: {'returncode': 0}
[2.427535] (tutoria_1_set) JobProgress: {'identifier': 'tutoria_1_set', 'progress': 'install'}
[2.434003] (tutoria_1_set) Command: {'cmd': ['/usr/bin/cmake', '--install', '/home/host/ros_ws/src/build/tutoria_1_set'], 'cwd': '/home/host/ros_ws/src/build/tutoria_1_set', 'env': OrderedDict({'GZ_SIM_RESOURCE_PATH': '/opt/ros/jazzy/share', 'GZ_CONFIG_PATH': '/opt/ros/jazzy/opt/gz_sim_vendor/share/gz:/opt/ros/jazzy/opt/sdformat_vendor/share/gz:/opt/ros/jazzy/opt/gz_gui_vendor/share/gz:/opt/ros/jazzy/opt/gz_transport_vendor/share/gz:/opt/ros/jazzy/opt/gz_rendering_vendor/share/gz:/opt/ros/jazzy/opt/gz_plugin_vendor/share/gz:/opt/ros/jazzy/opt/gz_fuel_tools_vendor/share/gz:/opt/ros/jazzy/opt/gz_msgs_vendor/share/gz:/opt/ros/jazzy/opt/gz_common_vendor/share/gz', 'HOSTNAME': 'giovanna-pc', 'SHLVL': '1', 'LD_LIBRARY_PATH': '/opt/ros/jazzy/opt/gz_sim_vendor/lib:/opt/ros/jazzy/opt/gz_sensors_vendor/lib:/opt/ros/jazzy/opt/gz_physics_vendor/lib:/opt/ros/jazzy/opt/sdformat_vendor/lib:/opt/ros/jazzy/opt/rviz_ogre_vendor/lib:/opt/ros/jazzy/lib/x86_64-linux-gnu:/opt/ros/jazzy/opt/gz_gui_vendor/lib:/opt/ros/jazzy/opt/gz_transport_vendor/lib:/opt/ros/jazzy/opt/gz_rendering_vendor/lib:/opt/ros/jazzy/opt/gz_plugin_vendor/lib:/opt/ros/jazzy/opt/gz_fuel_tools_vendor/lib:/opt/ros/jazzy/opt/gz_msgs_vendor/lib:/opt/ros/jazzy/opt/gz_common_vendor/lib:/opt/ros/jazzy/opt/gz_math_vendor/lib:/opt/ros/jazzy/opt/gz_utils_vendor/lib:/opt/ros/jazzy/opt/gz_tools_vendor/lib:/opt/ros/jazzy/opt/gz_ogre_next_vendor/lib:/opt/ros/jazzy/opt/gz_dartsim_vendor/lib:/opt/ros/jazzy/opt/gz_cmake_vendor/lib:/opt/ros/jazzy/lib', 'HOME': '/home/host', 'OLDPWD': '/home/host/ros_ws', 'ROS_PYTHON_VERSION': '3', 'PS1': '(ROS_ID=$ROS_DOMAIN_ID) \\u@\\h:\\w$', 'COLCON_PREFIX_PATH': '/home/host/ros_ws/src/install', 'ROS_DISTRO': 'jazzy', '_': '/usr/bin/colcon', 'ROS_VERSION': '2', 'TERM': 'xterm', 'DEBIAN_FRONEND': 'noninteractive', 'QT_X11_NO_MITSHM': '1', 'PATH': '/opt/ros/jazzy/opt/gz_msgs_vendor/bin:/opt/ros/jazzy/opt/gz_tools_vendor/bin:/opt/ros/jazzy/opt/gz_ogre_next_vendor/bin:/opt/ros/jazzy/bin:/usr/local/sbin:/usr/local/bin:/usr/sbin:/usr/bin:/sbin:/bin', 'DISPLAY': ':0', 'LANG': 'C.UTF-8', 'ROS_DOMAIN_ID': '0', 'AMENT_PREFIX_PATH': '/home/host/ros_ws/src/install/tutoria_1_set:/opt/ros/jazzy', 'ROS_AUTOMATIC_DISCOVERY_RANGE': 'SUBNET', 'PWD': '/home/host/ros_ws/src/build/tutoria_1_set', 'LC_ALL': 'C.UTF-8', 'PYTHONPATH': '/opt/ros/jazzy/lib/python3.12/site-packages', 'COLCON': '1', 'CMAKE_PREFIX_PATH': '/home/host/ros_ws/src/install/tutoria_1_set:/opt/ros/jazzy/opt/gz_sim_vendor:/opt/ros/jazzy/opt/gz_sensors_vendor:/opt/ros/jazzy/opt/gz_physics_vendor:/opt/ros/jazzy/opt/sdformat_vendor:/opt/ros/jazzy/opt/gz_gui_vendor:/opt/ros/jazzy/opt/gz_transport_vendor:/opt/ros/jazzy/opt/gz_rendering_vendor:/opt/ros/jazzy/opt/gz_plugin_vendor:/opt/ros/jazzy/opt/gz_fuel_tools_vendor:/opt/ros/jazzy/opt/gz_msgs_vendor:/opt/ros/jazzy/opt/gz_common_vendor:/opt/ros/jazzy/opt/gz_math_vendor:/opt/ros/jazzy/opt/gz_utils_vendor:/opt/ros/jazzy/opt/gz_tools_vendor:/opt/ros/jazzy/opt/gz_ogre_next_vendor:/opt/ros/jazzy/opt/gz_dartsim_vendor:/opt/ros/jazzy/opt/gz_cmake_vendor:/opt/ros/jazzy'}), 'shell': False}
[2.442823] (tutoria_1_set) StdoutLine: {'line': b'-- Install configuration: ""\n'}
[2.443034] (tutoria_1_set) StdoutLine: {'line': b'-- Installing: /home/host/ros_ws/src/install/tutoria_1_set/lib/tutoria_1_set/node_1\n'}
[2.443795] (tutoria_1_set) StdoutLine: {'line': b'-- Set non-toolchain portion of runtime path of "/home/host/ros_ws/src/install/tutoria_1_set/lib/tutoria_1_set/node_1" to ""\n'}
[2.443967] (tutoria_1_set) StdoutLine: {'line': b'-- Up-to-date: /home/host/ros_ws/src/install/tutoria_1_set/share/ament_index/resource_index/package_run_dependencies/tutoria_1_set\n'}
[2.444127] (tutoria_1_set) StdoutLine: {'line': b'-- Up-to-date: /home/host/ros_ws/src/install/tutoria_1_set/share/ament_index/resource_index/parent_prefix_path/tutoria_1_set\n'}
[2.444287] (tutoria_1_set) StdoutLine: {'line': b'-- Up-to-date: /home/host/ros_ws/src/install/tutoria_1_set/share/tutoria_1_set/environment/ament_prefix_path.sh\n'}
[2.444421] (tutoria_1_set) StdoutLine: {'line': b'-- Up-to-date: /home/host/ros_ws/src/install/tutoria_1_set/share/tutoria_1_set/environment/ament_prefix_path.dsv\n'}
[2.444554] (tutoria_1_set) StdoutLine: {'line': b'-- Up-to-date: /home/host/ros_ws/src/install/tutoria_1_set/share/tutoria_1_set/environment/path.sh\n'}
[2.444684] (tutoria_1_set) StdoutLine: {'line': b'-- Up-to-date: /home/host/ros_ws/src/install/tutoria_1_set/share/tutoria_1_set/environment/path.dsv\n'}
[2.444815] (tutoria_1_set) StdoutLine: {'line': b'-- Up-to-date: /home/host/ros_ws/src/install/tutoria_1_set/share/tutoria_1_set/local_setup.bash\n'}
[2.444946] (tutoria_1_set) StdoutLine: {'line': b'-- Up-to-date: /home/host/ros_ws/src/install/tutoria_1_set/share/tutoria_1_set/local_setup.sh\n'}
[2.445114] (tutoria_1_set) StdoutLine: {'line': b'-- Up-to-date: /home/host/ros_ws/src/install/tutoria_1_set/share/tutoria_1_set/local_setup.zsh\n'}
[2.445407] (tutoria_1_set) StdoutLine: {'line': b'-- Up-to-date: /home/host/ros_ws/src/install/tutoria_1_set/share/tutoria_1_set/local_setup.dsv\n'}
[2.446171] (tutoria_1_set) StdoutLine: {'line': b'-- Installing: /home/host/ros_ws/src/install/tutoria_1_set/share/tutoria_1_set/package.dsv\n'}
[2.446336] (tutoria_1_set) StdoutLine: {'line': b'-- Up-to-date: /home/host/ros_ws/src/install/tutoria_1_set/share/ament_index/resource_index/packages/tutoria_1_set\n'}
[2.446583] (tutoria_1_set) StdoutLine: {'line': b'-- Up-to-date: /home/host/ros_ws/src/install/tutoria_1_set/share/tutoria_1_set/cmake/tutoria_1_setConfig.cmake\n'}
[2.446746] (tutoria_1_set) StdoutLine: {'line': b'-- Up-to-date: /home/host/ros_ws/src/install/tutoria_1_set/share/tutoria_1_set/cmake/tutoria_1_setConfig-version.cmake\n'}
[2.447202] (tutoria_1_set) StdoutLine: {'line': b'-- Up-to-date: /home/host/ros_ws/src/install/tutoria_1_set/share/tutoria_1_set/package.xml\n'}
[2.447367] (tutoria_1_set) CommandEnded: {'returncode': 0}
[2.463044] (tutoria_1_set) JobEnded: {'identifier': 'tutoria_1_set', 'rc': 0}
[2.463504] (-) EventReactorShutdown: {}
